
> campus-app@0.1.0 build
> next build

Γû▓ Next.js 16.1.6 (Turbopack)
- Environments: .env.local

  Creating an optimized production build ...
Γ£ô Compiled successfully in 10.9s
  Running TypeScript ...
  Collecting page data using 3 workers ...
  Generating static pages using 3 workers (0/25) ...
  Generating static pages using 3 workers (6/25) 
  Generating static pages using 3 workers (12/25) 
  Generating static pages using 3 workers (18/25) 
Γ£ô Generating static pages using 3 workers (25/25) in 1218.9ms
  Finalizing page optimization ...

Route (app)
Γöî Γùï /
Γö£ Γùï /_not-found
Γö£ Γùï /create
Γö£ Γùï /login
Γö£ Γùï /messages
Γö£ Γùï /messages/chat
Γö£ Γùï /notifications
Γö£ Γùï /onboarding
Γö£ Γùï /profile
Γö£ Γùï /search
Γö£ Γùï /settings
Γö£ Γùï /settings/about
Γö£ Γùï /settings/account
Γö£ Γùï /settings/activity
Γö£ Γùï /settings/appearance
Γö£ Γùï /settings/campus
Γö£ Γùï /settings/messaging
Γö£ Γùï /settings/notifications
Γö£ Γùï /settings/privacy
Γö£ Γùï /settings/security
Γö£ Γùï /settings/support
Γö£ Γùï /signup
Γöö Γùï /welcome


Γùï  (Static)  prerendered as static content

