
> campus-app@0.1.0 build
> next build

Γû▓ Next.js 16.1.6 (Turbopack)
- Environments: .env.local

  Creating an optimized production build ...
Γ£ô Compiled successfully in 30.8s
  Running TypeScript ...
npm : Failed to compile.
At line:1 char:1
+ npm run build > build_output.txt 2>&1
+ ~~~~~~~~~~~~~~~~~~~~~~~~~~~~~~~~~~~~~
    + CategoryInfo          : NotSpecified: (Fa 
   iled to compile.:String) [], RemoteExceptio  
  n
    + FullyQualifiedErrorId : NativeCommandErro 
   r
 

./src/app/channels/page.tsx:78:47
Type error: Parameter 'comm' implicitly has an 
'any' type.

[0m [90m 76 |[39m   })[33m;[39m
 [90m 77 |[39m
[31m[1m>[22m[39m[90m 78 |[39m   
[36mconst[39m filteredCommunities [33m=[39m 
communities[33m.[39mmap(comm [33m=>[39m ({
 [90m    |[39m                                
               [31m[1m^[22m[39m
 [90m 79 |[39m     
[33m...[39mcomm[33m,[39m
 [90m 80 |[39m     channels[33m:[39m comm[3
3m.[39mchannels[33m.[39mfilter((c[33m:[39m 
any) [33m=>[39m 
 [90m 81 |[39m       c[33m.[39mname[33m.[3
9mtoLowerCase()[33m.[39mincludes(searchQuery[
33m.[39mtoLowerCase()) [33m||[39m[0m
Next.js build worker exited with code: 1 and 
signal: null
